=== quantum_ecc: build_circuit (untrusted stage) ===

-- building circuit --
  emitted ops : 9031983
  wrote       : ops.bin (30637478 bytes on disk, 505791064 uncompressed, 16.5x)

=== build_circuit OK ===
        1.18 real         1.05 user         0.08 sys
           749535232  maximum resident set size
                   0  average shared memory size
                   0  average unshared data size
                   0  average unshared stack size
               45872  page reclaims
                   0  page faults
                   0  swaps
                   0  block input operations
                   0  block output operations
                   0  messages sent
                   0  messages received
                   0  signals received
                  10  voluntary context switches
                 690  involuntary context switches
         18433380295  instructions retired
          3782518697  cycles elapsed
           741444352  peak memory footprint
