=== quantum_ecc: build_circuit (untrusted stage) ===

-- building circuit --
  emitted ops : 9031983
  wrote       : ops.bin (30637478 bytes on disk, 505791064 uncompressed, 16.5x)

=== build_circuit OK ===
        1.55 real         1.26 user         0.25 sys
           984645632  maximum resident set size
                   0  average shared memory size
                   0  average unshared data size
                   0  average unshared stack size
               60224  page reclaims
                   0  page faults
                   0  swaps
                   0  block input operations
                   0  block output operations
                   0  messages sent
                   0  messages received
                   0  signals received
                  15  voluntary context switches
                 387  involuntary context switches
         23113012093  instructions retired
          5001339661  cycles elapsed
           976555200  peak memory footprint
