=== quantum_ecc: build_circuit (untrusted stage) ===

-- building circuit --
  emitted ops : 9277283
  wrote       : ops.bin (31319124 bytes on disk, 519527864 uncompressed, 16.6x)

=== build_circuit OK ===
        1.23 real         1.10 user         0.09 sys
           997376000  maximum resident set size
                   0  average shared memory size
                   0  average unshared data size
                   0  average unshared stack size
               60988  page reclaims
                  11  page faults
                   0  swaps
                   0  block input operations
                   0  block output operations
                   0  messages sent
                   0  messages received
                   0  signals received
                  10  voluntary context switches
                 311  involuntary context switches
         19328144395  instructions retired
          3958163361  cycles elapsed
           989400128  peak memory footprint
