=== quantum_ecc: build_circuit (untrusted stage) ===

-- building circuit --
  emitted ops : 9277283
  wrote       : ops.bin (31319124 bytes on disk, 519527864 uncompressed, 16.6x)

=== build_circuit OK ===
        1.60 real         1.30 user         0.25 sys
           999194624  maximum resident set size
                   0  average shared memory size
                   0  average unshared data size
                   0  average unshared stack size
               61101  page reclaims
                  10  page faults
                   0  swaps
                   0  block input operations
                   0  block output operations
                   0  messages sent
                   0  messages received
                   0  signals received
                  11  voluntary context switches
                 799  involuntary context switches
         23495934415  instructions retired
          5121752667  cycles elapsed
           991186176  peak memory footprint
