=== quantum_ecc: build_circuit (untrusted stage) ===

-- building circuit --
  emitted ops : 13341608
  wrote       : ops.bin (51984839 bytes on disk, 747130064 uncompressed, 14.4x)

=== build_circuit OK ===
        1.72 real         1.56 user         0.10 sys
           871776256  maximum resident set size
                   0  average shared memory size
                   0  average unshared data size
                   0  average unshared stack size
               53335  page reclaims
                   0  page faults
                   0  swaps
                   0  block input operations
                   0  block output operations
                   0  messages sent
                   0  messages received
                   0  signals received
                  23  voluntary context switches
                 443  involuntary context switches
         28045625383  instructions retired
          5578115061  cycles elapsed
           863767296  peak memory footprint
