   Compiling libc v0.2.185
   Compiling version_check v0.9.5
   Compiling typenum v1.19.0
   Compiling generic-array v0.14.9
   Compiling proc-macro2 v1.0.106
   Compiling jobserver v0.1.34
   Compiling find-msvc-tools v0.1.9
   Compiling shlex v1.3.0
   Compiling cc v1.2.60
   Compiling quote v1.0.45
   Compiling unicode-ident v1.0.24
   Compiling pkg-config v0.3.33
   Compiling zstd-sys v2.0.16+zstd.1.5.7
   Compiling unicode-segmentation v1.13.2
   Compiling convert_case v0.10.0
   Compiling cpufeatures v0.2.17
   Compiling block-buffer v0.10.4
   Compiling crypto-common v0.1.6
   Compiling syn v2.0.117
   Compiling zstd-safe v7.2.4
   Compiling unicode-xid v0.2.6
   Compiling paste v1.0.15
   Compiling derive_more-impl v2.1.1
   Compiling digest v0.10.7
   Compiling keccak v0.1.6
   Compiling ruint-macro v1.2.1
   Compiling foldhash v0.2.0
   Compiling cfg-if v1.0.4
   Compiling const-hex v1.18.1
   Compiling hashbrown v0.16.1
   Compiling ruint v1.17.2
   Compiling sha3 v0.10.8
   Compiling derive_more v2.1.1
   Compiling bytes v1.11.1
   Compiling itoa v1.0.18
   Compiling rustc-hash v2.1.2
   Compiling alloy-primitives v1.5.7
   Compiling zstd v0.13.3
   Compiling quantum_ecc v0.1.0 (/Users/jieyilong/Personal/research/ShorOptimization/shor_optimization_workspace/outputs/qip2027-mechanism-revision-20260908/accounting/sources/conservative-pingpong)
warning: unused variable: `b`
   --> src/bin/../point_add/arith/multiply.rs:638:24
    |
638 |     let borrow_lane = |b: &mut B, _need: usize| -> Vec<QubitId> {
    |                        ^ help: if this is intentional, prefix it with an underscore: `_b`
    |
    = note: `#[warn(unused_variables)]` (part of `#[warn(unused)]`) on by default

warning: unused variable: `seg_w`
   --> src/bin/../point_add/arith/multiply.rs:649:13
    |
649 |         let seg_w = hi - lo;
    |             ^^^^^ help: if this is intentional, prefix it with an underscore: `_seg_w`

warning: variable does not need to be mutable
  --> src/bin/../point_add/dirtyscan.rs:57:9
   |
57 |     let mut note = |writers: &mut Vec<[usize; TRAIL]>, wpos: &mut Vec<u8>, q: u64, index: usize| {
   |         ----^^^^
   |         |
   |         help: remove this `mut`
   |
   = note: `#[warn(unused_mut)]` (part of `#[warn(unused)]`) on by default

warning: `quantum_ecc` (bin "build_circuit") generated 3 warnings (run `cargo fix --bin "build_circuit" -p quantum_ecc` to apply 3 suggestions)
    Finished `release` profile [optimized] target(s) in 30.23s
       30.25 real        36.19 user         2.56 sys
           725712896  maximum resident set size
                   0  average shared memory size
                   0  average unshared data size
                   0  average unshared stack size
              980694  page reclaims
               31307  page faults
                   0  swaps
                   0  block input operations
                   0  block output operations
                   0  messages sent
                   0  messages received
                  53  signals received
                1670  voluntary context switches
               28849  involuntary context switches
          1175271460  instructions retired
           594686133  cycles elapsed
            37226240  peak memory footprint
