=== quantum_ecc: build_circuit (untrusted stage) ===

-- building circuit --
windowed ping-pong: width=1392, QROM calls=6, Toffolis=167150, payload CX=83886080
        1.79 real         1.65 user         0.08 sys
           820576256  maximum resident set size
                   0  average shared memory size
                   0  average unshared data size
                   0  average unshared stack size
               50138  page reclaims
                  70  page faults
                   0  swaps
                   0  block input operations
                   0  block output operations
                   0  messages sent
                   0  messages received
                   0  signals received
                   0  voluntary context switches
                 478  involuntary context switches
         24430720959  instructions retired
          5817715304  cycles elapsed
           819874432  peak memory footprint
