=== quantum_ecc: build_circuit (untrusted stage) ===

-- building circuit --
windowed ping-pong: width=1380, QROM calls=6, Toffolis=78, payload CX=20480
        1.09 real         1.02 user         0.03 sys
             5505024  maximum resident set size
                   0  average shared memory size
                   0  average unshared data size
                   0  average unshared stack size
                 454  page reclaims
                   6  page faults
                   0  swaps
                   0  block input operations
                   0  block output operations
                   0  messages sent
                   0  messages received
                   0  signals received
                   2  voluntary context switches
                 293  involuntary context switches
         18514065827  instructions retired
          3570020158  cycles elapsed
             4441344  peak memory footprint
