=== quantum_ecc: build_circuit (untrusted stage) ===

-- building circuit --
windowed ping-pong: width=1380, QROM calls=6, Toffolis=78, payload CX=20480
  emitted ops : 15710537
  wrote       : ops.bin (55016997 bytes on disk, 879790088 uncompressed, 16.0x)

=== build_circuit OK ===
        2.03 real         1.79 user         0.14 sys
          1122091008  maximum resident set size
                   0  average shared memory size
                   0  average unshared data size
                   0  average unshared stack size
               68533  page reclaims
                  78  page faults
                   0  swaps
                   0  block input operations
                   0  block output operations
                   0  messages sent
                   0  messages received
                   0  signals received
                  19  voluntary context switches
                 526  involuntary context switches
         32650337922  instructions retired
          6499723056  cycles elapsed
          1114180864  peak memory footprint
