=== quantum_ecc: build_circuit (untrusted stage) ===

-- building circuit --
        1.92 real         1.64 user         0.19 sys
           820854784  maximum resident set size
                   0  average shared memory size
                   0  average unshared data size
                   0  average unshared stack size
               50227  page reclaims
                   0  page faults
                   0  swaps
                   0  block input operations
                   0  block output operations
                   0  messages sent
                   0  messages received
                   0  signals received
                   3  voluntary context switches
                 452  involuntary context switches
         24601314273  instructions retired
          6116772025  cycles elapsed
           820185728  peak memory footprint
