=== quantum_ecc: build_circuit (untrusted stage) ===

-- building circuit --
        0.78 real         0.64 user         0.12 sys
             5505024  maximum resident set size
                   0  average shared memory size
                   0  average unshared data size
                   0  average unshared stack size
                 453  page reclaims
                   6  page faults
                   0  swaps
                   0  block input operations
                   0  block output operations
                   0  messages sent
                   0  messages received
                   0  signals received
                   2  voluntary context switches
                 202  involuntary context switches
         12870127653  instructions retired
          2574670981  cycles elapsed
             4408384  peak memory footprint
