=== quantum_ecc: build_circuit (untrusted stage) ===

-- building circuit --
  emitted ops : 13586833
  wrote       : ops.bin (52675661 bytes on disk, 760862664 uncompressed, 14.4x)

=== build_circuit OK ===
        2.32 real         1.85 user         0.19 sys
          1239252992  maximum resident set size
                   0  average shared memory size
                   0  average unshared data size
                   0  average unshared stack size
               75763  page reclaims
                   0  page faults
                   0  swaps
                   0  block input operations
                   0  block output operations
                   0  messages sent
                   0  messages received
                   0  signals received
                   7  voluntary context switches
                 681  involuntary context switches
         32152549649  instructions retired
          6794470065  cycles elapsed
          1231408768  peak memory footprint
