=== quantum_ecc: build_circuit (untrusted stage) ===

-- building circuit --
windowed ping-pong: width=1338, QROM calls=6, Toffolis=167150, payload CX=83886080
        1.60 real         1.49 user         0.08 sys
           819970048  maximum resident set size
                   0  average shared memory size
                   0  average unshared data size
                   0  average unshared stack size
               50166  page reclaims
                   5  page faults
                   0  swaps
                   0  block input operations
                   0  block output operations
                   0  messages sent
                   0  messages received
                   0  signals received
                   0  voluntary context switches
                 356  involuntary context switches
         21771001795  instructions retired
          5254535401  cycles elapsed
           819251776  peak memory footprint
