=== quantum_ecc: build_circuit (untrusted stage) ===

-- building circuit --
windowed ping-pong: width=1326, QROM calls=6, Toffolis=78, payload CX=20480
  emitted ops : 13579241
  wrote       : ops.bin (50428502 bytes on disk, 760437512 uncompressed, 15.1x)

=== build_circuit OK ===
        1.81 real         1.58 user         0.14 sys
          1237696512  maximum resident set size
                   0  average shared memory size
                   0  average unshared data size
                   0  average unshared stack size
               75595  page reclaims
                  72  page faults
                   0  swaps
                   0  block input operations
                   0  block output operations
                   0  messages sent
                   0  messages received
                   0  signals received
                  17  voluntary context switches
                 457  involuntary context switches
         28658683899  instructions retired
          5794912569  cycles elapsed
          1229819328  peak memory footprint
