TRACE Divide lane=0 round=0 op=1448936 label=value_walk_done regs=0x1:0x1:0x0:0x0 phase=0
TRACE Divide lane=2 round=0 op=1448936 label=value_walk_done regs=0x7ff:0x7ff:0x0:0x0 phase=0
TRACE Divide lane=4 round=0 op=1448936 label=value_walk_done regs=0x7ff:0x1:0x0:0x0 phase=0
TRACE Divide lane=4 round=0 op=1449954 label=halving_cell_done regs=0x1:0x0:0x0 phase=0
TRACE Divide lane=4 round=1 op=1451965 label=halving_cell_done regs=0x1:0xfffffffffffffffffffffffffffffffffffffffffffffffffffffffefffffc2f:0x0 phase=0
TRACE Divide lane=4 round=2 op=1454764 label=chunk_before_erase regs=0x0:0x1fffffffffffffffffffff:0x1fffffffffffffffffffff phase=0
TRACE Divide lane=4 round=2 op=1455250 label=chunk_after_erase regs=0x1fffffffffffffffffffff:0x1fffffffffffffffffffff phase=0
TRACE Divide lane=4 round=2 op=1455250 label=chunk_before_erase regs=0x0:0x3ffffffffffffefffffc2f:0x3ffffffffffffefffffc2f phase=0
TRACE Divide lane=4 round=2 op=1455736 label=chunk_after_erase regs=0x3ffffffffffffefffffc2f:0x3ffffffffffffefffffc2f phase=0
TRACE Divide lane=4 round=2 op=1455736 label=halve_after_add regs=0x0:0xfffffffffffffffffffffffffffffffffffffffffffffffffffffffefffffc2f:0xfffffffffffffffffffffffffffffffffffffffffffffffffffffffefffffc2f phase=0
TRACE Divide lane=4 round=2 op=1456924 label=halve_before_overflow_erase regs=0x4:0xfffffffffffffffffffffffffffffffffffffffffffffffffffffffefffffc2f:0xfffffffffffffffffffffffffffffffffffffffffffffffffffffffdfffff85e phase=0
TRACE Divide lane=4 round=2 op=1457506 label=halve_after_overflow_erase regs=0x2:0xfffffffffffffffffffffffffffffffffffffffffffffffffffffffefffffc2f:0xfffffffffffffffffffffffffffffffffffffffffffffffffffffffdfffff85e phase=0
TRACE Divide lane=4 round=2 op=1458020 label=halving_cell_done regs=0x0:0xfffffffffffffffffffffffffffffffffffffffffffffffffffffffefffffc2f:0xfffffffffffffffffffffffffffffffffffffffffffffffffffffffefffffc2f phase=0
TRACE Divide lane=4 round=3 op=1460819 label=chunk_before_erase regs=0x1:0x1fffffffffffffffffffff:0x1fffffffffffffffffffff phase=0
TRACE Divide lane=4 round=3 op=1461305 label=chunk_after_erase regs=0x1fffffffffffffffffffff:0x1fffffffffffffffffffff phase=0
TRACE Divide lane=4 round=3 op=1461305 label=chunk_before_erase regs=0x1:0x3ffffffffffffdfffff85e:0x3ffffffffffffefffffc2f phase=0
TRACE Divide lane=4 round=3 op=1461791 label=chunk_after_erase regs=0x3ffffffffffffdfffff85e:0x3ffffffffffffefffffc2f phase=0
TRACE Divide lane=4 round=3 op=1461791 label=halve_after_add regs=0x2:0xfffffffffffffffffffffffffffffffffffffffffffffffffffffffefffffc2f:0xfffffffffffffffffffffffffffffffffffffffffffffffffffffffdfffff85e phase=0
TRACE Divide lane=4 round=3 op=1462979 label=halve_before_overflow_erase regs=0x6:0xfffffffffffffffffffffffffffffffffffffffffffffffffffffffefffffc2f:0xfffffffffffffffffffffffffffffffffffffffffffffffffffffffdfffff85e phase=0
TRACE Divide lane=4 round=3 op=1463561 label=halve_after_overflow_erase regs=0x2:0xfffffffffffffffffffffffffffffffffffffffffffffffffffffffefffffc2f:0xfffffffffffffffffffffffffffffffffffffffffffffffffffffffdfffff85e phase=0
TRACE Divide lane=4 round=3 op=1464075 label=halving_cell_done regs=0x0:0xfffffffffffffffffffffffffffffffffffffffffffffffffffffffefffffc2f:0xfffffffffffffffffffffffffffffffffffffffffffffffffffffffefffffc2f phase=0
TRACE Divide lane=0 round=735 op=5896335 label=halving_done regs=0x0:0x0 phase=0
TRACE Divide lane=2 round=735 op=5896335 label=halving_done regs=0x0:0x0 phase=0
TRACE Divide lane=4 round=735 op=5896335 label=halving_done regs=0x0:0xfffffffffffffffffffffffffffffffffffffffffffffffffffffffefffffc2f phase=1
TRACE Divide lane=0 round=735 op=5898355 label=divide_negated regs=0x0:0x0 phase=0
TRACE Divide lane=2 round=735 op=5898355 label=divide_negated regs=0xfffffffffffffffffffffffffffffffffffffffffffffffffffffffefffffc2f:0xfffffffffffffffffffffffffffffffffffffffffffffffffffffffefffffc2f phase=0
TRACE Divide lane=4 round=735 op=5898355 label=divide_negated regs=0xfffffffffffffffffffffffffffffffffffffffffffffffffffffffefffffc2f:0xfffffffffffffffffffffffffffffffffffffffffffffffffffffffefffffc2f phase=1
TRACE Divide lane=0 round=735 op=5898611 label=coefficient_before_free regs=0x0:0x0 phase=0
TRACE Divide lane=2 round=735 op=5898611 label=coefficient_before_free regs=0x0:0xfffffffffffffffffffffffffffffffffffffffffffffffffffffffefffffc2f phase=0
TRACE Divide lane=4 round=735 op=5898611 label=coefficient_before_free regs=0x0:0xfffffffffffffffffffffffffffffffffffffffffffffffffffffffefffffc2f phase=1
TRACE Divide lane=0 round=735 op=5898867 label=coefficient_after_free regs=0x0 phase=0
TRACE Divide lane=2 round=735 op=5898867 label=coefficient_after_free regs=0xfffffffffffffffffffffffffffffffffffffffffffffffffffffffefffffc2f phase=0
TRACE Divide lane=4 round=735 op=5898867 label=coefficient_after_free regs=0xfffffffffffffffffffffffffffffffffffffffffffffffffffffffefffffc2f phase=1
TRACE Multiply lane=0 round=0 op=1448936 label=value_walk_done regs=0x1:0x1:0x0:0x0 phase=0
TRACE Multiply lane=2 round=0 op=1448936 label=value_walk_done regs=0x7ff:0x7ff:0x0:0x0 phase=0
TRACE Multiply lane=4 round=0 op=1448936 label=value_walk_done regs=0x7ff:0x1:0x0:0x0 phase=0
TRACE Multiply lane=0 round=0 op=1451212 label=multiply_seeded regs=0x0:0x0 phase=0
TRACE Multiply lane=2 round=0 op=1451212 label=multiply_seeded regs=0xfffffffffffffffffffffffffffffffffffffffffffffffffffffffefffffc2f:0xfffffffffffffffffffffffffffffffffffffffffffffffffffffffefffffc2f phase=0
TRACE Multiply lane=4 round=0 op=1451212 label=multiply_seeded regs=0xfffffffffffffffffffffffffffffffffffffffffffffffffffffffefffffc2f:0x0 phase=0
TRACE Multiply lane=0 round=0 op=5903013 label=coefficient_before_free regs=0x0:0x0 phase=0
TRACE Multiply lane=2 round=0 op=5903013 label=coefficient_before_free regs=0x0:0xfffffffffffffffffffffffffffffffffffffffffffffffffffffffefffffc2f phase=1
TRACE Multiply lane=4 round=0 op=5903013 label=coefficient_before_free regs=0xfffffffffffffffffffffffffffffffffffffffffffffffffffffffefffffc2f:0xfffffffffffffffffffffffffffffffffffffffffffffffffffffffefffffc2f phase=0
TRACE Multiply lane=0 round=0 op=5903269 label=coefficient_after_free regs=0x0 phase=0
TRACE Multiply lane=2 round=0 op=5903269 label=coefficient_after_free regs=0xfffffffffffffffffffffffffffffffffffffffffffffffffffffffefffffc2f phase=1
TRACE Multiply lane=4 round=0 op=5903269 label=coefficient_after_free regs=0xfffffffffffffffffffffffffffffffffffffffffffffffffffffffefffffc2f phase=1
