TRACE	window_qrom_xy_load_walk	8328	0xbcace2e99da01887ab0102b696902325872844067f15e98da7bba04400b88fcb	0x483ada7726a3c4655da4fbfc0e1108a8fd17b448a68554199c47d08ffb10d4b8	0
PHASE_MASK	window_qrom_xy_load_walk	8328	0x0000000000000000
TRACE	tlm_coord_x_sub	11944	0x42ee7c6aa3c35cdb5560a020c809181e848c472b5147c0b44dc91ee8e9c07833	0x483ada7726a3c4655da4fbfc0e1108a8fd17b448a68554199c47d08ffb10d4b8	0
PHASE_MASK	tlm_coord_x_sub	11944	0x0000000000000000
TRACE	tlm_coord_y_sub	15560	0x42ee7c6aa3c35cdb5560a020c809181e848c472b5147c0b44dc91ee8e9c07833	0x0	0
PHASE_MASK	tlm_coord_y_sub	15560	0x0000000000000000
TRACE	window_qrom_xy_unload_measure	16584	0x42ee7c6aa3c35cdb5560a020c809181e848c472b5147c0b44dc91ee8e9c07833	0x0	1
PHASE_MASK	window_qrom_xy_unload_measure	16584	0x8452afa94ac747c5
TRACE	window_qrom_xy_unload_clear	26348	0x42ee7c6aa3c35cdb5560a020c809181e848c472b5147c0b44dc91ee8e9c07833	0x0	0
PHASE_MASK	window_qrom_xy_unload_clear	26348	0x0000000000000000
TRACE	tlm_inverse	23151294	0x42ee7c6aa3c35cdb5560a020c809181e848c472b5147c0b44dc91ee8e9c07833	0x0	0
PHASE_MASK	tlm_inverse	23151294	0x0000000000000000
TRACE	window_qrom_3x_load_walk	23155504	0x42ee7c6aa3c35cdb5560a020c809181e848c472b5147c0b44dc91ee8e9c07833	0x0	0
PHASE_MASK	window_qrom_3x_load_walk	23155504	0x0000000000000000
TRACE	tlm_coord_add3x	23166139	0xb029afe791598fe05641c7e2339e39338c603dbcdab23b405ba0a2fb2ea8c2cc	0x0	0
PHASE_MASK	tlm_coord_add3x	23166139	0x0000000000000000
TRACE	window_qrom_3x_unload_walk	23166651	0xb029afe791598fe05641c7e2339e39338c603dbcdab23b405ba0a2fb2ea8c2cc	0x0	0
PHASE_MASK	window_qrom_3x_unload_walk	23166651	0xe172ed9aa9f43b12
TRACE	window_qrom_3x_unload_clear	23171551	0xb029afe791598fe05641c7e2339e39338c603dbcdab23b405ba0a2fb2ea8c2cc	0x0	0
PHASE_MASK	window_qrom_3x_unload_clear	23171551	0x0000000000000000
TRACE	tlm_square	23171807	0xb029afe791598fe05641c7e2339e39338c603dbcdab23b405ba0a2fb2ea8c2cc	0x0	0
PHASE_MASK	tlm_square	23171807	0x0000000000000000
TRACE	square_product_register	24095780	0xb029afe791598fe05641c7e2339e39338c603dbcdab23b405ba0a2fb2ea8c2cc	0x0	0
PHASE_MASK	square_product_register	24095780	0x0000000000000000
TRACE	tlm_forward_multiply	47236178	0xb029afe791598fe05641c7e2339e39338c603dbcdab23b405ba0a2fb2ea8c2cc	0x0	0
PHASE_MASK	tlm_forward_multiply	47236178	0x0000000000000000
TRACE	window_qrom_recover_load_walk	47244484	0xb029afe791598fe05641c7e2339e39338c603dbcdab23b405ba0a2fb2ea8c2cc	0x0	0
PHASE_MASK	window_qrom_recover_load_walk	47244484	0x0000000000000000
TRACE	tlm_coord_y_sub_final	47248100	0xb029afe791598fe05641c7e2339e39338c603dbcdab23b405ba0a2fb2ea8c2cc	0xb7c52588d95c3b9aa25b0403f1eef75702e84bb7597aabe663b82f6f04ef2777	0
PHASE_MASK	tlm_coord_y_sub_final	47248100	0x445cbcdc81863db2
TRACE	window_recover_controlled_neg	47253153	0x4fd650186ea6701fa9be381dcc61c6cc739fc243254dc4bfa45f5d03d1573963	0xb7c52588d95c3b9aa25b0403f1eef75702e84bb7597aabe663b82f6f04ef2777	0
PHASE_MASK	window_recover_controlled_neg	47253153	0x445cbcdc81863db2
TRACE	window_recover_x_add	47256407	0xc994b69768832bcbff5e9ab39ae8d1d3763bbf1e531bed98fe51de5ee84f50fb	0xb7c52588d95c3b9aa25b0403f1eef75702e84bb7597aabe663b82f6f04ef2777	0
PHASE_MASK	window_recover_x_add	47256407	0x445cbcdc81863db2
TRACE	window_qrom_recover_unload_measure	47257431	0xc994b69768832bcbff5e9ab39ae8d1d3763bbf1e531bed98fe51de5ee84f50fb	0xb7c52588d95c3b9aa25b0403f1eef75702e84bb7597aabe663b82f6f04ef2777	0
PHASE_MASK	window_qrom_recover_unload_measure	47257431	0xade1e947aa83ca64
TRACE	window_qrom_recover_unload_clear	47276057	0xc994b69768832bcbff5e9ab39ae8d1d3763bbf1e531bed98fe51de5ee84f50fb	0xb7c52588d95c3b9aa25b0403f1eef75702e84bb7597aabe663b82f6f04ef2777	0
PHASE_MASK	window_qrom_recover_unload_clear	47276057	0x445cbcdc81863db2
RESOURCE	qubits=1792	ops=47276057	toffoli_sum=321010828	lanes=64
