WITNESS signed_add sign=1 source=0x1 target=0x0 ops=10013 randomness_events=1879
UNCANCELLED hot=506 op=2799 kind=Hmr qubit=599 bit=253 site=src/bin/../point_add/pingpong_div.rs:763 context=chunk_before_erase phase=0xffffffffffffffff
PAIRED hot=506 zero_controls_vs_witness phase=0xffffffff00000000
UNCANCELLED hot=1364 op=6679 kind=Hmr qubit=513 bit=681 site=src/bin/../point_add/pingpong_div.rs:1108 context=chunk_after_erase phase=0xffffffffffffffff
PAIRED hot=1364 zero_controls_vs_witness phase=0xffffffff00000000
ALL_ZERO_RANDOM phase=0x0000000000000000 got=0xfffffffffffffffffffffffffffffffffffffffffffffffffffffffefffffc2e
PHASE_RULE_CHECK seeds=8 lanes_per_seed=64 matched=true
WITNESS fused_halve sign=1 source=0x2 target=0x0 ops=12587 randomness_events=1887
UNCANCELLED hot=506 op=2799 kind=Hmr qubit=599 bit=253 site=src/bin/../point_add/pingpong_div.rs:763 context=chunk_before_erase phase=0xffffffffffffffff
PAIRED hot=506 zero_controls_vs_witness phase=0xffffffff00000000
UNCANCELLED hot=1371 op=8995 kind=Hmr qubit=513 bit=683 site=src/bin/../point_add/pingpong_div.rs:963 context=halve_before_overflow_erase phase=0xffffffffffffffff
PAIRED hot=1371 zero_controls_vs_witness phase=0xffffffff00000000
ALL_ZERO_RANDOM phase=0x0000000000000000 got=0xfffffffffffffffffffffffffffffffffffffffffffffffffffffffefffffc2e
PHASE_RULE_CHECK seeds=8 lanes_per_seed=64 matched=true
WITNESS fused_halve sign=0 source=0xfffffffffffffffffffffffffffffffffffffffffffffffffffffffefffffc2f target=0x0 ops=12587 randomness_events=1887
UNCANCELLED hot=1371 op=8995 kind=Hmr qubit=513 bit=683 site=src/bin/../point_add/pingpong_div.rs:963 context=halve_before_overflow_erase phase=0xffffffffffffffff
PAIRED hot=1371 zero_controls_vs_witness phase=0xffffffff00000000
ALL_ZERO_RANDOM phase=0x0000000000000000 got=0xfffffffffffffffffffffffffffffffffffffffffffffffffffffffefffffc2f
PHASE_RULE_CHECK seeds=8 lanes_per_seed=64 matched=true
WITNESS fused_halve sign=0 source=0xfffffffffffffffffffffffffffffffffffffffffffffffffffffffefffffc2f target=0xfffffffffffffffffffffffffffffffffffffffffffffffffffffffefffffc2f ops=12587 randomness_events=1887
UNCANCELLED hot=506 op=2799 kind=Hmr qubit=599 bit=253 site=src/bin/../point_add/pingpong_div.rs:763 context=chunk_before_erase phase=0xffffffffffffffff
PAIRED hot=506 zero_controls_vs_witness phase=0xffffffff00000000
ALL_ZERO_RANDOM phase=0x0000000000000000 got=0xfffffffffffffffffffffffffffffffffffffffffffffffffffffffefffffc2f
PHASE_RULE_CHECK seeds=8 lanes_per_seed=64 matched=true
WITNESS fused_double sign=0 source=0xfffffffffffffffffffffffffffffffffffffffffffffffffffffffefffffc2f target=0xfffffffffffffffffffffffffffffffffffffffffffffffffffffffefffffc2f ops=12591 randomness_events=1889
UNCANCELLED hot=506 op=3055 kind=Hmr qubit=600 bit=253 site=src/bin/../point_add/pingpong_div.rs:763 context=chunk_before_erase phase=0xffffffffffffffff
PAIRED hot=506 zero_controls_vs_witness phase=0xffffffff00000000
UNCANCELLED hot=1374 op=9257 kind=Hmr qubit=514 bit=683 site=src/bin/../point_add/pingpong_div.rs:1077 context=double_before_overflow_erase phase=0xffffffffffffffff
PAIRED hot=1374 zero_controls_vs_witness phase=0xffffffff00000000
ALL_ZERO_RANDOM phase=0x0000000000000000 got=0xfffffffffffffffffffffffffffffffffffffffffffffffffffffffefffffc2f
PHASE_RULE_CHECK seeds=8 lanes_per_seed=64 matched=true
WITNESS fused_double sign=1 source=0xfffffffffffffffffffffffffffffffffffffffffffffffffffffffefffffc2f target=0xfffffffffffffffffffffffffffffffffffffffffffffffffffffffefffffc2f ops=12591 randomness_events=1889
ALL_ZERO_RANDOM phase=0x0000000000000000 got=0xfffffffffffffffffffffffffffffffffffffffffffffffffffffffefffffc2f
PHASE_RULE_CHECK seeds=8 lanes_per_seed=64 matched=true
